2026-09-03 17:56:10 PROBE 000300.SH sector=csi_300 rows=4 count_sum=[300, 300, 300, 300] expected=300 MATCH cells=48
2026-09-03 17:56:10 PROBE 000905.SH sector=csi_500 ERR gateway status=error: {"status": "error", "error": "wind_error", "detail": "wset returned ErrorCode=-40521008", "wind_error_code": -40521008}
2026-09-03 17:56:11 PROBE 000905.SH sector=csi500 ERR gateway status=error: {"status": "error", "error": "wind_error", "detail": "wset returned ErrorCode=-40521008", "wind_error_code": -40521008}
2026-09-03 17:56:12 PROBE 000905.SH sector=zz500 ERR gateway status=error: {"status": "error", "error": "wind_error", "detail": "wset returned ErrorCode=-40521008", "wind_error_code": -40521008}
2026-09-03 17:56:13 PROBE 000852.SH sector=csi_1000 ERR gateway status=error: {"status": "error", "error": "wind_error", "detail": "wset returned ErrorCode=-40521008", "wind_error_code": -40521008}
2026-09-03 17:56:14 PROBE 000852.SH sector=csi1000 ERR gateway status=error: {"status": "error", "error": "wind_error", "detail": "wset returned ErrorCode=-40521008", "wind_error_code": -40521008}
2026-09-03 17:56:15 PROBE 000852.SH sector=zz1000 ERR gateway status=error: {"status": "error", "error": "wind_error", "detail": "wset returned ErrorCode=-40521008", "wind_error_code": -40521008}
2026-09-03 17:56:16 PROBE 932000.CSI sector=csi_2000 ERR gateway status=error: {"status": "error", "error": "wind_error", "detail": "wset returned ErrorCode=-40521008", "wind_error_code": -40521008}
2026-09-03 17:56:17 PROBE 932000.CSI sector=csi2000 ERR gateway status=error: {"status": "error", "error": "wind_error", "detail": "wset returned ErrorCode=-40521008", "wind_error_code": -40521008}
2026-09-03 17:56:18 PROBE 932000.CSI sector=zz2000 ERR gateway status=error: {"status": "error", "error": "wind_error", "detail": "wset returned ErrorCode=-40521008", "wind_error_code": -40521008}
2026-09-03 17:56:18 PROBE matched 1/4
2026-09-03 18:05:24 PROBE 000300.SH sector=csi_300 rows=4 count=[300, 300, 300, 300] OK cells=48
2026-09-03 18:05:25 PROBE 399102.SZ sector=chinext rows=4 count=[1403, 1402, 1402, 1401] OK cells=48
2026-09-03 18:05:26 PROBE 000680.SH sector=star rows=4 count=[615, 615, 615, 615] OK cells=48
2026-09-03 18:05:26 PROBE ok 3/3
2026-09-03 18:05:39 000300.SH 2015 sector=csi_300 rows=62 cells=744 → 000300.SH_2015.csv
2026-09-03 18:05:40 000300.SH 2016 sector=csi_300 rows=61 cells=732 → 000300.SH_2016.csv
2026-09-03 18:05:42 000300.SH 2017 sector=csi_300 rows=60 cells=720 → 000300.SH_2017.csv
2026-09-03 18:05:44 000300.SH 2018 sector=csi_300 rows=60 cells=720 → 000300.SH_2018.csv
2026-09-03 18:05:46 000300.SH 2019 sector=csi_300 rows=62 cells=744 → 000300.SH_2019.csv
2026-09-03 18:05:48 000300.SH 2020 sector=csi_300 rows=61 cells=732 → 000300.SH_2020.csv
2026-09-03 18:05:49 000300.SH 2021 sector=csi_300 rows=62 cells=744 → 000300.SH_2021.csv
2026-09-03 18:05:51 000300.SH 2022 sector=csi_300 rows=61 cells=732 → 000300.SH_2022.csv
2026-09-03 18:05:53 000300.SH 2023 sector=csi_300 rows=60 cells=720 → 000300.SH_2023.csv
2026-09-03 18:05:54 000300.SH 2024 sector=csi_300 rows=62 cells=744 → 000300.SH_2024.csv
2026-09-03 18:05:57 000300.SH 2025 sector=csi_300 rows=61 cells=732 → 000300.SH_2025.csv
2026-09-03 18:05:59 000300.SH 2026 sector=csi_300 rows=66 cells=792 → 000300.SH_2026.csv
2026-09-03 18:06:00 399102.SZ 2015 sector=chinext rows=62 cells=744 → 399102.SZ_2015.csv
2026-09-03 18:06:01 399102.SZ 2016 sector=chinext rows=61 cells=732 → 399102.SZ_2016.csv
2026-09-03 18:06:03 399102.SZ 2017 sector=chinext rows=60 cells=720 → 399102.SZ_2017.csv
2026-09-03 18:06:04 399102.SZ 2018 sector=chinext rows=60 cells=720 → 399102.SZ_2018.csv
2026-09-03 18:06:06 399102.SZ 2019 sector=chinext rows=62 cells=744 → 399102.SZ_2019.csv
2026-09-03 18:06:08 399102.SZ 2020 sector=chinext rows=61 cells=732 → 399102.SZ_2020.csv
2026-09-03 18:06:09 399102.SZ 2021 sector=chinext rows=62 cells=744 → 399102.SZ_2021.csv
2026-09-03 18:06:11 399102.SZ 2022 sector=chinext rows=61 cells=732 → 399102.SZ_2022.csv
2026-09-03 18:06:12 399102.SZ 2023 sector=chinext rows=60 cells=720 → 399102.SZ_2023.csv
2026-09-03 18:06:14 399102.SZ 2024 sector=chinext rows=62 cells=744 → 399102.SZ_2024.csv
2026-09-03 18:06:15 399102.SZ 2025 sector=chinext rows=61 cells=732 → 399102.SZ_2025.csv
2026-09-03 18:06:17 399102.SZ 2026 sector=chinext rows=66 cells=792 → 399102.SZ_2026.csv
2026-09-03 18:06:18 000680.SH 2019 sector=star rows=62 cells=744 → 000680.SH_2019.csv
2026-09-03 18:06:19 000680.SH 2020 sector=star rows=61 cells=732 → 000680.SH_2020.csv
2026-09-03 18:06:21 000680.SH 2021 sector=star rows=62 cells=744 → 000680.SH_2021.csv
2026-09-03 18:06:22 000680.SH 2022 sector=star rows=61 cells=732 → 000680.SH_2022.csv
2026-09-03 18:06:23 000680.SH 2023 sector=star rows=60 cells=720 → 000680.SH_2023.csv
2026-09-03 18:06:25 000680.SH 2024 sector=star rows=62 cells=744 → 000680.SH_2024.csv
2026-09-03 18:06:26 000680.SH 2025 sector=star rows=61 cells=732 → 000680.SH_2025.csv
2026-09-03 18:06:27 000680.SH 2026 sector=star rows=66 cells=792 → 000680.SH_2026.csv
2026-09-03 18:06:28 DONE total_cells=23652
2026-09-03 18:07:48 000300.SH 2015-01..2015-02 sector=csi_300 rows=35/35 cells=420
2026-09-03 18:07:48 000300.SH 2015-03..2015-04 sector=csi_300 rows=43/43 cells=516
2026-09-03 18:07:49 000300.SH 2015-05..2015-06 sector=csi_300 rows=41/41 cells=492
2026-09-03 18:07:50 000300.SH 2015-07..2015-08 sector=csi_300 rows=44/44 cells=528
2026-09-03 18:07:51 000300.SH 2015-09..2015-10 sector=csi_300 rows=37/37 cells=444
2026-09-03 18:07:52 000300.SH 2015-11..2015-12 sector=csi_300 rows=44/44 cells=528
2026-09-03 18:07:53 000300.SH 2016-01..2016-02 sector=csi_300 rows=36/36 cells=432
2026-09-03 18:07:54 000300.SH 2016-03..2016-04 sector=csi_300 rows=43/43 cells=516
2026-09-03 18:07:55 000300.SH 2016-05..2016-06 sector=csi_300 rows=41/41 cells=492
2026-09-03 18:07:56 000300.SH 2016-07..2016-08 sector=csi_300 rows=44/44 cells=528
2026-09-03 18:07:57 000300.SH 2016-09..2016-10 sector=csi_300 rows=36/36 cells=432
2026-09-03 18:07:58 000300.SH 2016-11..2016-12 sector=csi_300 rows=44/44 cells=528
2026-09-03 18:08:00 000300.SH 2017-01..2017-02 sector=csi_300 rows=36/36 cells=432
2026-09-03 18:08:01 000300.SH 2017-03..2017-04 sector=csi_300 rows=41/41 cells=492
2026-09-03 18:08:02 000300.SH 2017-05..2017-06 sector=csi_300 rows=42/42 cells=504
2026-09-03 18:08:03 000300.SH 2017-07..2017-08 sector=csi_300 rows=44/44 cells=528
2026-09-03 18:08:04 000300.SH 2017-09..2017-10 sector=csi_300 rows=38/38 cells=456
2026-09-03 18:08:05 000300.SH 2017-11..2017-12 sector=csi_300 rows=43/43 cells=516
2026-09-03 18:08:06 000300.SH 2018-01..2018-02 sector=csi_300 rows=37/37 cells=444
2026-09-03 18:08:07 000300.SH 2018-03..2018-04 sector=csi_300 rows=40/40 cells=480
2026-09-03 18:08:08 000300.SH 2018-05..2018-06 sector=csi_300 rows=42/42 cells=504
2026-09-03 18:08:09 000300.SH 2018-07..2018-08 sector=csi_300 rows=45/45 cells=540
2026-09-03 18:08:09 000300.SH 2018-09..2018-10 sector=csi_300 rows=37/37 cells=444
2026-09-03 18:08:10 000300.SH 2018-11..2018-12 sector=csi_300 rows=42/42 cells=504
2026-09-03 18:08:11 000300.SH 2019-01..2019-02 sector=csi_300 rows=37/37 cells=444
2026-09-03 18:08:12 000300.SH 2019-03..2019-04 sector=csi_300 rows=42/42 cells=504
2026-09-03 18:08:13 000300.SH 2019-05..2019-06 sector=csi_300 rows=39/39 cells=468
2026-09-03 18:08:14 000300.SH 2019-07..2019-08 sector=csi_300 rows=45/45 cells=540
2026-09-03 18:08:15 000300.SH 2019-09..2019-10 sector=csi_300 rows=38/38 cells=456
2026-09-03 18:08:16 000300.SH 2019-11..2019-12 sector=csi_300 rows=43/43 cells=516
2026-09-03 18:08:17 000300.SH 2020-01..2020-02 sector=csi_300 rows=36/36 cells=432
2026-09-03 18:08:18 000300.SH 2020-03..2020-04 sector=csi_300 rows=43/43 cells=516
2026-09-03 18:08:19 000300.SH 2020-05..2020-06 sector=csi_300 rows=38/38 cells=456
2026-09-03 18:08:19 000300.SH 2020-07..2020-08 sector=csi_300 rows=44/44 cells=528
2026-09-03 18:08:20 000300.SH 2020-09..2020-10 sector=csi_300 rows=38/38 cells=456
2026-09-03 18:08:21 000300.SH 2020-11..2020-12 sector=csi_300 rows=44/44 cells=528
2026-09-03 18:08:22 000300.SH 2021-01..2021-02 sector=csi_300 rows=35/35 cells=420
2026-09-03 18:08:23 000300.SH 2021-03..2021-04 sector=csi_300 rows=44/44 cells=528
2026-09-03 18:08:24 000300.SH 2021-05..2021-06 sector=csi_300 rows=39/39 cells=468
2026-09-03 18:08:25 000300.SH 2021-07..2021-08 sector=csi_300 rows=44/44 cells=528
2026-09-03 18:08:26 000300.SH 2021-09..2021-10 sector=csi_300 rows=36/36 cells=432
2026-09-03 18:08:27 000300.SH 2021-11..2021-12 sector=csi_300 rows=45/45 cells=540
2026-09-03 18:08:28 000300.SH 2022-01..2022-02 sector=csi_300 rows=35/35 cells=420
2026-09-03 18:08:29 000300.SH 2022-03..2022-04 sector=csi_300 rows=42/42 cells=504
2026-09-03 18:08:29 000300.SH 2022-05..2022-06 sector=csi_300 rows=40/40 cells=480
2026-09-03 18:08:30 000300.SH 2022-07..2022-08 sector=csi_300 rows=44/44 cells=528
2026-09-03 18:08:31 000300.SH 2022-09..2022-10 sector=csi_300 rows=37/37 cells=444
2026-09-03 18:08:32 000300.SH 2022-11..2022-12 sector=csi_300 rows=44/44 cells=528
2026-09-03 18:08:33 000300.SH 2023-01..2023-02 sector=csi_300 rows=36/36 cells=432
2026-09-03 18:08:34 000300.SH 2023-03..2023-04 sector=csi_300 rows=42/42 cells=504
2026-09-03 18:08:35 000300.SH 2023-05..2023-06 sector=csi_300 rows=40/40 cells=480
2026-09-03 18:08:36 000300.SH 2023-07..2023-08 sector=csi_300 rows=44/44 cells=528
2026-09-03 18:08:37 000300.SH 2023-09..2023-10 sector=csi_300 rows=37/37 cells=444
2026-09-03 18:08:38 000300.SH 2023-11..2023-12 sector=csi_300 rows=43/43 cells=516
2026-09-03 18:08:39 000300.SH 2024-01..2024-02 sector=csi_300 rows=37/37 cells=444
2026-09-03 18:08:40 000300.SH 2024-03..2024-04 sector=csi_300 rows=41/41 cells=492
2026-09-03 18:08:41 000300.SH 2024-05..2024-06 sector=csi_300 rows=39/39 cells=468
2026-09-03 18:08:41 000300.SH 2024-07..2024-08 sector=csi_300 rows=45/45 cells=540
2026-09-03 18:08:42 000300.SH 2024-09..2024-10 sector=csi_300 rows=37/37 cells=444
2026-09-03 18:08:43 000300.SH 2024-11..2024-12 sector=csi_300 rows=43/43 cells=516
2026-09-03 18:08:44 000300.SH 2025-01..2025-02 sector=csi_300 rows=36/36 cells=432
2026-09-03 18:08:45 000300.SH 2025-03..2025-04 sector=csi_300 rows=42/42 cells=504
2026-09-03 18:08:46 000300.SH 2025-05..2025-06 sector=csi_300 rows=39/39 cells=468
2026-09-03 18:08:47 000300.SH 2025-07..2025-08 sector=csi_300 rows=44/44 cells=528
2026-09-03 18:08:48 000300.SH 2025-09..2025-10 sector=csi_300 rows=39/39 cells=468
2026-09-03 18:08:48 000300.SH 2025-11..2025-12 sector=csi_300 rows=43/43 cells=516
2026-09-03 18:08:49 000300.SH 2026-01..2026-02 sector=csi_300 rows=34/34 cells=408
2026-09-03 18:08:50 000300.SH 2026-03..2026-04 sector=csi_300 rows=43/43 cells=516
2026-09-03 18:08:51 000300.SH 2026-05..2026-06 sector=csi_300 rows=39/39 cells=468
2026-09-03 18:08:52 000300.SH 2026-07..2026-08 sector=csi_300 rows=44/44 cells=528
2026-09-03 18:08:53 000300.SH 2026-09..2026-09 sector=csi_300 rows=3/1 cells=36
2026-09-03 18:08:53 DONE total_cells=34044
2026-09-03 18:09:04 399102.SZ 2015-01..2015-02 sector=chinext rows=35/35 cells=420
2026-09-03 18:09:05 399102.SZ 2015-03..2015-04 sector=chinext rows=43/43 cells=516
2026-09-03 18:09:06 399102.SZ 2015-05..2015-06 sector=chinext rows=41/41 cells=492
2026-09-03 18:09:07 399102.SZ 2015-07..2015-08 sector=chinext rows=44/44 cells=528
2026-09-03 18:09:07 399102.SZ 2015-09..2015-10 sector=chinext rows=37/37 cells=444
2026-09-03 18:09:08 399102.SZ 2015-11..2015-12 sector=chinext rows=44/44 cells=528
2026-09-03 18:09:09 399102.SZ 2016-01..2016-02 sector=chinext rows=36/36 cells=432
2026-09-03 18:09:10 399102.SZ 2016-03..2016-04 sector=chinext rows=43/43 cells=516
2026-09-03 18:09:11 399102.SZ 2016-05..2016-06 sector=chinext rows=41/41 cells=492
2026-09-03 18:09:12 399102.SZ 2016-07..2016-08 sector=chinext rows=44/44 cells=528
2026-09-03 18:09:13 399102.SZ 2016-09..2016-10 sector=chinext rows=36/36 cells=432
2026-09-03 18:09:14 399102.SZ 2016-11..2016-12 sector=chinext rows=44/44 cells=528
2026-09-03 18:09:15 399102.SZ 2017-01..2017-02 sector=chinext rows=36/36 cells=432
2026-09-03 18:09:16 399102.SZ 2017-03..2017-04 sector=chinext rows=41/41 cells=492
2026-09-03 18:09:16 399102.SZ 2017-05..2017-06 sector=chinext rows=42/42 cells=504
2026-09-03 18:09:17 399102.SZ 2017-07..2017-08 sector=chinext rows=44/44 cells=528
2026-09-03 18:09:18 399102.SZ 2017-09..2017-10 sector=chinext rows=38/38 cells=456
2026-09-03 18:09:19 399102.SZ 2017-11..2017-12 sector=chinext rows=43/43 cells=516
2026-09-03 18:09:20 399102.SZ 2018-01..2018-02 sector=chinext rows=37/37 cells=444
2026-09-03 18:09:21 399102.SZ 2018-03..2018-04 sector=chinext rows=40/40 cells=480
2026-09-03 18:09:22 399102.SZ 2018-05..2018-06 sector=chinext rows=42/42 cells=504
2026-09-03 18:09:23 399102.SZ 2018-07..2018-08 sector=chinext rows=45/45 cells=540
2026-09-03 18:09:25 399102.SZ 2018-09..2018-10 sector=chinext rows=37/37 cells=444
2026-09-03 18:09:26 399102.SZ 2018-11..2018-12 sector=chinext rows=42/42 cells=504
2026-09-03 18:09:27 399102.SZ 2019-01..2019-02 sector=chinext rows=37/37 cells=444
2026-09-03 18:09:28 399102.SZ 2019-03..2019-04 sector=chinext rows=42/42 cells=504
2026-09-03 18:09:28 399102.SZ 2019-05..2019-06 sector=chinext rows=39/39 cells=468
2026-09-03 18:09:29 399102.SZ 2019-07..2019-08 sector=chinext rows=45/45 cells=540
2026-09-03 18:09:30 399102.SZ 2019-09..2019-10 sector=chinext rows=38/38 cells=456
2026-09-03 18:09:31 399102.SZ 2019-11..2019-12 sector=chinext rows=43/43 cells=516
2026-09-03 18:09:32 399102.SZ 2020-01..2020-02 sector=chinext rows=36/36 cells=432
2026-09-03 18:09:33 399102.SZ 2020-03..2020-04 sector=chinext rows=43/43 cells=516
2026-09-03 18:09:34 399102.SZ 2020-05..2020-06 sector=chinext rows=38/38 cells=456
2026-09-03 18:09:35 399102.SZ 2020-07..2020-08 sector=chinext rows=44/44 cells=528
2026-09-03 18:09:36 399102.SZ 2020-09..2020-10 sector=chinext rows=38/38 cells=456
2026-09-03 18:09:37 399102.SZ 2020-11..2020-12 sector=chinext rows=44/44 cells=528
2026-09-03 18:09:37 399102.SZ 2021-01..2021-02 sector=chinext rows=35/35 cells=420
2026-09-03 18:09:38 399102.SZ 2021-03..2021-04 sector=chinext rows=44/44 cells=528
2026-09-03 18:09:39 399102.SZ 2021-05..2021-06 sector=chinext rows=39/39 cells=468
2026-09-03 18:09:40 399102.SZ 2021-07..2021-08 sector=chinext rows=44/44 cells=528
2026-09-03 18:09:42 399102.SZ 2021-09..2021-10 sector=chinext rows=36/36 cells=432
2026-09-03 18:09:43 399102.SZ 2021-11..2021-12 sector=chinext rows=45/45 cells=540
2026-09-03 18:09:44 399102.SZ 2022-01..2022-02 sector=chinext rows=35/35 cells=420
2026-09-03 18:09:45 399102.SZ 2022-03..2022-04 sector=chinext rows=42/42 cells=504
2026-09-03 18:09:46 399102.SZ 2022-05..2022-06 sector=chinext rows=40/40 cells=480
2026-09-03 18:09:48 399102.SZ 2022-07..2022-08 sector=chinext rows=44/44 cells=528
2026-09-03 18:09:49 399102.SZ 2022-09..2022-10 sector=chinext rows=37/37 cells=444
2026-09-03 18:09:50 399102.SZ 2022-11..2022-12 sector=chinext rows=44/44 cells=528
2026-09-03 18:09:51 399102.SZ 2023-01..2023-02 sector=chinext rows=36/36 cells=432
2026-09-03 18:09:52 399102.SZ 2023-03..2023-04 sector=chinext rows=42/42 cells=504
2026-09-03 18:09:53 399102.SZ 2023-05..2023-06 sector=chinext rows=40/40 cells=480
2026-09-03 18:09:54 399102.SZ 2023-07..2023-08 sector=chinext rows=44/44 cells=528
2026-09-03 18:09:55 399102.SZ 2023-09..2023-10 sector=chinext rows=37/37 cells=444
2026-09-03 18:09:56 399102.SZ 2023-11..2023-12 sector=chinext rows=43/43 cells=516
2026-09-03 18:09:57 399102.SZ 2024-01..2024-02 sector=chinext rows=37/37 cells=444
2026-09-03 18:09:58 399102.SZ 2024-03..2024-04 sector=chinext rows=41/41 cells=492
2026-09-03 18:09:59 399102.SZ 2024-05..2024-06 sector=chinext rows=39/39 cells=468
2026-09-03 18:10:00 399102.SZ 2024-07..2024-08 sector=chinext rows=45/45 cells=540
2026-09-03 18:10:01 399102.SZ 2024-09..2024-10 sector=chinext rows=37/37 cells=444
2026-09-03 18:10:02 399102.SZ 2024-11..2024-12 sector=chinext rows=43/43 cells=516
2026-09-03 18:10:03 399102.SZ 2025-01..2025-02 sector=chinext rows=36/36 cells=432
2026-09-03 18:10:04 399102.SZ 2025-03..2025-04 sector=chinext rows=42/42 cells=504
2026-09-03 18:10:05 399102.SZ 2025-05..2025-06 sector=chinext rows=39/39 cells=468
2026-09-03 18:10:06 399102.SZ 2025-07..2025-08 sector=chinext rows=44/44 cells=528
2026-09-03 18:10:07 399102.SZ 2025-09..2025-10 sector=chinext rows=39/39 cells=468
2026-09-03 18:10:08 399102.SZ 2025-11..2025-12 sector=chinext rows=43/43 cells=516
2026-09-03 18:10:09 399102.SZ 2026-01..2026-02 sector=chinext rows=34/34 cells=408
2026-09-03 18:10:10 399102.SZ 2026-03..2026-04 sector=chinext rows=43/43 cells=516
2026-09-03 18:10:11 399102.SZ 2026-05..2026-06 sector=chinext rows=39/39 cells=468
2026-09-03 18:10:12 399102.SZ 2026-07..2026-08 sector=chinext rows=44/44 cells=528
2026-09-03 18:10:13 399102.SZ 2026-09..2026-09 sector=chinext rows=3/1 cells=36
2026-09-03 18:10:56 000680.SH 2019-01..2019-02 0 rows（期望 37 个交易日）
2026-09-03 18:10:58 000680.SH 2019-03..2019-04 0 rows（期望 42 个交易日）
2026-09-03 18:10:59 000680.SH 2019-05..2019-06 0 rows（期望 39 个交易日）
2026-09-03 18:11:00 000680.SH 2019-07 TRUNCATED got 2019-07-22..2019-08-30 expected from 2019-07-01 — 中止
2026-09-03 18:11:29 000680.SH 2019-07 缺 15/45 个交易日 (2019-07-01..2019-07-19)
2026-09-03 18:11:29 000680.SH 2019-07..2019-08 sector=star rows=30/45 cells=360
2026-09-03 18:11:29 000680.SH 2019-09..2019-10 sector=star rows=38/38 cells=456
2026-09-03 18:11:30 000680.SH 2019-11..2019-12 sector=star rows=43/43 cells=516
2026-09-03 18:11:31 000680.SH 2020-01..2020-02 sector=star rows=36/36 cells=432
2026-09-03 18:11:32 000680.SH 2020-03..2020-04 sector=star rows=43/43 cells=516
2026-09-03 18:11:33 000680.SH 2020-05..2020-06 sector=star rows=38/38 cells=456
2026-09-03 18:11:33 000680.SH 2020-07..2020-08 sector=star rows=44/44 cells=528
2026-09-03 18:11:34 000680.SH 2020-09..2020-10 sector=star rows=38/38 cells=456
2026-09-03 18:11:35 000680.SH 2020-11..2020-12 sector=star rows=44/44 cells=528
2026-09-03 18:11:36 000680.SH 2021-01..2021-02 sector=star rows=35/35 cells=420
2026-09-03 18:11:37 000680.SH 2021-03..2021-04 sector=star rows=44/44 cells=528
2026-09-03 18:11:37 000680.SH 2021-05..2021-06 sector=star rows=39/39 cells=468
2026-09-03 18:11:38 000680.SH 2021-07..2021-08 sector=star rows=44/44 cells=528
2026-09-03 18:11:39 000680.SH 2021-09..2021-10 sector=star rows=36/36 cells=432
2026-09-03 18:11:40 000680.SH 2021-11..2021-12 sector=star rows=45/45 cells=540
2026-09-03 18:11:41 000680.SH 2022-01..2022-02 sector=star rows=35/35 cells=420
2026-09-03 18:11:42 000680.SH 2022-03..2022-04 sector=star rows=42/42 cells=504
2026-09-03 18:11:43 000680.SH 2022-05..2022-06 sector=star rows=40/40 cells=480
2026-09-03 18:11:43 000680.SH 2022-07..2022-08 sector=star rows=44/44 cells=528
2026-09-03 18:11:44 000680.SH 2022-09..2022-10 sector=star rows=37/37 cells=444
2026-09-03 18:11:45 000680.SH 2022-11..2022-12 sector=star rows=44/44 cells=528
2026-09-03 18:11:46 000680.SH 2023-01..2023-02 sector=star rows=36/36 cells=432
2026-09-03 18:11:47 000680.SH 2023-03..2023-04 sector=star rows=42/42 cells=504
2026-09-03 18:11:48 000680.SH 2023-05..2023-06 sector=star rows=40/40 cells=480
2026-09-03 18:11:49 000680.SH 2023-07..2023-08 sector=star rows=44/44 cells=528
2026-09-03 18:11:50 000680.SH 2023-09..2023-10 sector=star rows=37/37 cells=444
2026-09-03 18:11:51 000680.SH 2023-11..2023-12 sector=star rows=43/43 cells=516
2026-09-03 18:11:52 000680.SH 2024-01..2024-02 sector=star rows=37/37 cells=444
2026-09-03 18:11:52 000680.SH 2024-03..2024-04 sector=star rows=41/41 cells=492
2026-09-03 18:11:53 000680.SH 2024-05..2024-06 sector=star rows=39/39 cells=468
2026-09-03 18:11:54 000680.SH 2024-07..2024-08 sector=star rows=45/45 cells=540
2026-09-03 18:11:55 000680.SH 2024-09..2024-10 sector=star rows=37/37 cells=444
2026-09-03 18:11:57 000680.SH 2024-11..2024-12 sector=star rows=43/43 cells=516
2026-09-03 18:11:58 000680.SH 2025-01..2025-02 sector=star rows=36/36 cells=432
2026-09-03 18:11:59 000680.SH 2025-03..2025-04 sector=star rows=42/42 cells=504
2026-09-03 18:12:00 000680.SH 2025-05..2025-06 sector=star rows=39/39 cells=468
2026-09-03 18:12:01 000680.SH 2025-07..2025-08 sector=star rows=44/44 cells=528
2026-09-03 18:12:01 000680.SH 2025-09..2025-10 sector=star rows=39/39 cells=468
2026-09-03 18:12:02 000680.SH 2025-11..2025-12 sector=star rows=43/43 cells=516
2026-09-03 18:12:03 000680.SH 2026-01..2026-02 sector=star rows=34/34 cells=408
2026-09-03 18:12:04 000680.SH 2026-03..2026-04 sector=star rows=43/43 cells=516
2026-09-03 18:12:06 000680.SH 2026-05..2026-06 sector=star rows=39/39 cells=468
2026-09-03 18:12:07 000680.SH 2026-07..2026-08 sector=star rows=44/44 cells=528
2026-09-03 18:12:08 000680.SH 2026-09..2026-09 sector=star rows=3/1 cells=36
2026-09-03 18:12:09 DONE total_cells=20748
