	Command being timed: "/home/ghls/style_timing_signal/.venv/bin/python -m signals.style_basket.b3_build --stage exposures --data-end 2023-12-31 --output-dir /home/ghls/b3_runs/20260902_jan01_pit_r3/research"
	User time (seconds): 888.72
	System time (seconds): 11.65
	Percent of CPU this job got: 80%
	Elapsed (wall clock) time (h:mm:ss or m:ss): 18:37.56
	Average shared text size (kbytes): 0
	Average unshared data size (kbytes): 0
	Average stack size (kbytes): 0
	Average total size (kbytes): 0
	Maximum resident set size (kbytes): 19353624
	Average resident set size (kbytes): 0
	Major (requiring I/O) page faults: 0
	Minor (reclaiming a frame) page faults: 4898692
	Voluntary context switches: 1043197
	Involuntary context switches: 3866
	Swaps: 0
	File system inputs: 0
	File system outputs: 211584
	Socket messages sent: 0
	Socket messages received: 0
	Signals delivered: 0
	Page size (bytes): 4096
	Exit status: 0
