	Command being timed: "/home/ghls/style_timing_signal/.venv/bin/python -m signals.style_basket.b3_build --stage preflight --data-end 2023-12-31 --output-dir /home/ghls/b3_runs/20260902_jan01_pit_r3/research"
	User time (seconds): 855.92
	System time (seconds): 12.86
	Percent of CPU this job got: 80%
	Elapsed (wall clock) time (h:mm:ss or m:ss): 17:56.25
	Average shared text size (kbytes): 0
	Average unshared data size (kbytes): 0
	Average stack size (kbytes): 0
	Average total size (kbytes): 0
	Maximum resident set size (kbytes): 19534644
	Average resident set size (kbytes): 0
	Major (requiring I/O) page faults: 16
	Minor (reclaiming a frame) page faults: 4898095
	Voluntary context switches: 1040669
	Involuntary context switches: 3310
	Swaps: 0
	File system inputs: 22208
	File system outputs: 1368
	Socket messages sent: 0
	Socket messages received: 0
	Signals delivered: 0
	Page size (bytes): 4096
	Exit status: 0
