	Command being timed: "/home/ghls/style_timing_signal/.venv/bin/python -m signals.style_basket.b3_build --stage states --data-end 2023-12-31 --output-dir /home/ghls/b3_runs/20260902_jan01_pit_r4/research"
	User time (seconds): 1312.83
	System time (seconds): 13.36
	Percent of CPU this job got: 80%
	Elapsed (wall clock) time (h:mm:ss or m:ss): 27:24.86
	Average shared text size (kbytes): 0
	Average unshared data size (kbytes): 0
	Average stack size (kbytes): 0
	Average total size (kbytes): 0
	Maximum resident set size (kbytes): 20481412
	Average resident set size (kbytes): 0
	Major (requiring I/O) page faults: 84
	Minor (reclaiming a frame) page faults: 5241744
	Voluntary context switches: 1282602
	Involuntary context switches: 4569
	Swaps: 0
	File system inputs: 211864
	File system outputs: 238544
	Socket messages sent: 0
	Socket messages received: 0
	Signals delivered: 0
	Page size (bytes): 4096
	Exit status: 0
