	Command being timed: "/home/ghls/style_timing_signal/.venv/bin/python -m backtest.b3_structure --data-end 2023-12-31 --research-output-dir /home/ghls/b3_runs/20260902_jan01_pit_r4/research --backtest-output-dir /home/ghls/b3_runs/20260902_jan01_pit_r4/backtest"
	User time (seconds): 41.85
	System time (seconds): 1.22
	Percent of CPU this job got: 113%
	Elapsed (wall clock) time (h:mm:ss or m:ss): 0:37.90
	Average shared text size (kbytes): 0
	Average unshared data size (kbytes): 0
	Average stack size (kbytes): 0
	Average total size (kbytes): 0
	Maximum resident set size (kbytes): 1400768
	Average resident set size (kbytes): 0
	Major (requiring I/O) page faults: 110
	Minor (reclaiming a frame) page faults: 483422
	Voluntary context switches: 1055
	Involuntary context switches: 252
	Swaps: 0
	File system inputs: 221016
	File system outputs: 8160
	Socket messages sent: 0
	Socket messages received: 0
	Signals delivered: 0
	Page size (bytes): 4096
	Exit status: 0
